Line Addr Code          Label         Mnemonic      Operand       Comments            
1    0000                                                         ; relaErrors.asm - Possible errors in relative instructions.
2    0000                                                                             
3    0000                             lda.i16       Msg1          ; Error: Msg1 label not found (or defined).
4    0003 D9 80                       ldc.i8        128           ; Error: Operand number not in an i8 range [-128..+127]. <- working
5    0005 D5 00                       lda.i16       0             ; Error: Operand must refer to a label. <- working
6    0008 E0 01                       br.i8         1             ; Error: Operand must refer to a label. <- working
7    000A                             br.i8         Msg1          ; Error: Msg1 label not found (or defined). <- working
8    000C D5 0012                     lda.i16       Msg2          ; OK.               
9    000F 41 31 00      Msg2          .cstring      "A1"          ; OK.               
10   0012 42 32 33 00   Msg2          .cstring      "B23"         ; Error: Msg2 label already defined. <- working
11   0016 43 34 35 00   Msg3          .cstring      "C45"         ; OK, but not used. 
12   001A                                                                             
