Line Addr Code          Label         Mnemonic      Operand       Comments            
1    0000 00                          halt                                            
2    0001 01                          pop                                             
3    0002 02                          dup                                             
4    0003 03                          exit                                            
5    0004 04                          ret                                             
6    0005 0C                          not                                             
7    0006 0D                          and                                             
8    0007 0E                          or                                              
9    0008 0F                          xor                                             
10   0009 10                          neg                                             
11   000A 11                          inc                                             
12   000B 12                          dec                                             
13   000C 13                          add                                             
14   000D 14                          sub                                             
15   000E 15                          mul                                             
16   000F 16                          div                                             
17   0010 17                          rem                                             
18   0011 18                          shl                                             
19   0012 19                          shr                                             
20   0013 1A                          teq                                             
21   0014 1B                          tne                                             
22   0015 1C                          tlt                                             
23   0016 1D                          tgt                                             
24   0017 1E                          tle                                             
25   0018 1F                          tge                                             
26   0019 00                          halt                                            
27   001A                                                                             
28   001A                                                         ; TestImmediate.asm - Test immediate instructions.
29   001A                                                                             
30   001A 80                          enter.u5      0                                 
31   001B 81                          enter.u5      1             ; OK, number <u5> [0..31].
32   001C 82                          enter.u5      2             ; OK, number <u5> [0..31].
33   001D 83                          enter.u5      3             ; OK, number <u5> [0..31].
34   001E 84                          enter.u5      4             ; OK, number <u5> [0..31].
35   001F 85                          enter.u5      5             ; OK, number <u5> [0..31].
36   0020 86                          enter.u5      6             ; OK, number <u5> [0..31].
37   0021 87                          enter.u5      7             ; OK, number <u5> [0..31].
38   0022 88                          enter.u5      8             ; OK, number <u5> [0..31].
39   0023 89                          enter.u5      9             ; OK, number <u5> [0..31].
40   0024 8A                          enter.u5      10            ; OK, number <u5> [0..31].
41   0025 8B                          enter.u5      11            ; OK, number <u5> [0..31].
42   0026 8C                          enter.u5      12            ; OK, number <u5> [0..31].
43   0027 8D                          enter.u5      13            ; OK, number <u5> [0..31].
44   0028 8E                          enter.u5      14            ; OK, number <u5> [0..31].
45   0029 8F                          enter.u5      15            ; OK, number <u5> [0..31].
46   002A 70                          enter.u5      16            ; OK, number <u5> [0..31].
47   002B 71                          enter.u5      17            ; OK, number <u5> [0..31].
48   002C 72                          enter.u5      18            ; OK, number <u5> [0..31].
49   002D 73                          enter.u5      19            ; OK, number <u5> [0..31].
50   002E 74                          enter.u5      20            ; OK, number <u5> [0..31].
51   002F 75                          enter.u5      21            ; OK, number <u5> [0..31].
52   0030 76                          enter.u5      22            ; OK, number <u5> [0..31].
53   0031 77                          enter.u5      23            ; OK, number <u5> [0..31].
54   0032 78                          enter.u5      24            ; OK, number <u5> [0..31].
55   0033 79                          enter.u5      25            ; OK, number <u5> [0..31].
56   0034 7A                          enter.u5      26            ; OK, number <u5> [0..31].
57   0035 7B                          enter.u5      27            ; OK, number <u5> [0..31].
58   0036 7C                          enter.u5      28            ; OK, number <u5> [0..31].
59   0037 7D                          enter.u5      29            ; OK, number <u5> [0..31].
60   0038 7E                          enter.u5      30            ; OK, number <u5> [0..31].
61   0039 7F                          enter.u5      31            ; OK, number <u5> [0..31].
62   003A                                                                             
63   003A 90                          ldc.i3        0             ; OK, number <i3> [-4..3].
64   003B 91                          ldc.i3        1             ; OK, number <i3> [-4..3].
65   003C 92                          ldc.i3        2             ; OK, number <i3> [-4..3].
66   003D 93                          ldc.i3        3             ; OK, number <i3> [-4..3].
67   003E 94                          ldc.i3        -4            ; OK, number <i3> [-4..3].
68   003F 95                          ldc.i3        -3            ; OK, number <i3> [-4..3].
69   0040 96                          ldc.i3        -2            ; OK, number <i3> [-4..3].
70   0041 97                          ldc.i3        -1            ; OK, number <i3> [-4..3].
71   0042                                                                             
72   0042 98                          addv.u3       0             ; OK, number <u3> [0..7].
73   0043 99                          addv.u3       1             ; OK, number <u3> [0..7].
74   0044 9A                          addv.u3       2             ; OK, number <u3> [0..7].
75   0045 9B                          addv.u3       3             ; OK, number <u3> [0..7].
76   0046 9C                          addv.u3       4             ; OK, number <u3> [0..7].
77   0047 9D                          addv.u3       5             ; OK, number <u3> [0..7].
78   0048 9E                          addv.u3       6             ; OK, number <u3> [0..7].
79   0049 9F                          addv.u3       7             ; OK, number <u3> [0..7].
80   004A                                                                             
81   004A A0                          ldv.u3        0             ; OK, number <u3> [0..7].
82   004B A1                          ldv.u3        1             ; OK, number <u3> [0..7].
83   004C A2                          ldv.u3        2             ; OK, number <u3> [0..7].
84   004D A3                          ldv.u3        3             ; OK, number <u3> [0..7].
85   004E A4                          ldv.u3        4             ; OK, number <u3> [0..7].
86   004F A5                          ldv.u3        5             ; OK, number <u3> [0..7].
87   0050 A6                          ldv.u3        6             ; OK, number <u3> [0..7].
88   0051 A7                          ldv.u3        7             ; OK, number <u3> [0..7].
89   0052                                                                             
90   0052 A8                          stv.u3        0             ; OK, number <u3> [0..7].
91   0053 A9                          stv.u3        1             ; OK, number <u3> [0..7].
92   0054 AA                          stv.u3        2             ; OK, number <u3> [0..7].
93   0055 AB                          stv.u3        3             ; OK, number <u3> [0..7].
94   0056 AC                          stv.u3        4             ; OK, number <u3> [0..7].
95   0057 AD                          stv.u3        5             ; OK, number <u3> [0..7].
96   0058 AE                          stv.u3        6             ; OK, number <u3> [0..7].
97   0059 AF                          stv.u3        7             ; OK, number <u3> [0..7].
98   005A                                                                             
99   005A D5 005D                     lda.i16       ABC           ; lda - load address
100  005D                                                                             
101  005D 41 42 43 00   ABC           .cstring      "ABC"         ; "ABC" has 4 bytes 
102  0061                                                                             
103  0061 41 30 00      A0            .cstring      "A0"          ; "A0"  has 3 bytes 
104  0064                                                                             
105  0064                                                         ; rela01.asm        
106  0064 D5 006C                     lda.i16       Msg1                              
107  0067 D9 0C                       ldc.i8        12                                
108  0069 D5 006F                     lda.i16       Msg2                              
109  006C 41 31 00      Msg1          .cstring      "A1"          ; OK. Code generated -> 41 31 00
110  006F 42 32 33 00   Msg2          .cstring      "B23"         ; Only ASCII printable characters are allowed.
111  0073                                                                             
112  0073                                                         ; rela02.asm        
113  0073 E0 00         Main          br.i8         Main                              
114  0075 E0 FE                       br.i8         Main          ; Backward branching
115  0077 E0 02                       br.i8         End           ; Forward branching 
116  0079 E0 00         End           br.i8         End                               
117  007B                                                                             
118  007B                                                         ; rela03.asm        
119  007B B1 00                       ldv.u8        0                                 
120  007D B1 FF                       ldv.u8        255                               
121  007F B2 00                       stv.u8        0                                 
122  0081 B2 FF                       stv.u8        255                               
123  0083                                                                             
